// Jest Snapshot v1, https://goo.gl/fbAQLP

exports[`Gameboard renders correctly 1`] = `
<div
  id="game-container"
>
  <div
    className="game-board-container "
    id="game-board-container"
  >
    <div
      className="control-panel"
    >
      <GameControlPanel
        allGames={[]}
        connection={
          Socket {
            "_opts": {
              "hostname": "localhost",
              "path": "/socket.io",
              "port": "80",
              "secure": false,
              "transports": [
                [Function],
                [Function],
                [Function],
              ],
            },
            "_queue": [],
            "_queueSeq": 0,
            "acks": {},
            "connected": false,
            "flags": {},
            "ids": 0,
            "io": Manager {
              "_autoConnect": true,
              "_callbacks": {
                "$close": [
                  [Function],
                ],
                "$error": [
                  [Function],
                ],
                "$open": [
                  [Function],
                ],
                "$packet": [
                  [Function],
                ],
              },
              "_randomizationFactor": 0.5,
              "_readyState": "opening",
              "_reconnection": true,
              "_reconnectionAttempts": Infinity,
              "_reconnectionDelay": 1000,
              "_reconnectionDelayMax": 5000,
              "_timeout": 20000,
              "backoff": Backoff {
                "attempts": 0,
                "factor": 2,
                "jitter": 0.5,
                "max": 5000,
                "ms": 1000,
              },
              "clearTimeoutFn": [Function],
              "decoder": Decoder {
                "opts": {
                  "maxAttachments": 10,
                  "reviver": undefined,
                },
              },
              "encoder": Encoder {
                "replacer": undefined,
              },
              "engine": Socket {
                "_callbacks": {
                  "$error": [
                    [Function],
                  ],
                  "$open": [
                    [Function],
                  ],
                },
                "_maxPayload": -1,
                "_pingInterval": -1,
                "_pingTimeout": -1,
                "_pingTimeoutTime": Infinity,
                "_prevBufferLen": 0,
                "_transportsByName": {
                  "polling": [Function],
                  "websocket": [Function],
                  "webtransport": [Function],
                },
                "_upgrades": [],
                "binaryType": "nodebuffer",
                "clearTimeoutFn": [Function],
                "hostname": "localhost",
                "opts": {
                  "addTrailingSlash": true,
                  "agent": false,
                  "closeOnBeforeunload": false,
                  "hostname": "localhost",
                  "path": "/socket.io/",
                  "perMessageDeflate": {
                    "threshold": 1024,
                  },
                  "port": "80",
                  "rejectUnauthorized": true,
                  "rememberUpgrade": false,
                  "secure": false,
                  "timestampParam": "t",
                  "transportOptions": {},
                  "transports": [
                    [Function],
                    [Function],
                    [Function],
                  ],
                  "upgrade": true,
                  "withCredentials": false,
                },
                "port": "80",
                "readyState": "opening",
                "secure": false,
                "setTimeoutFn": [Function],
                "transport": XHR {
                  "_callbacks": {
                    "$close": [
                      [Function],
                    ],
                    "$drain": [
                      [Function],
                    ],
                    "$error": [
                      [Function],
                    ],
                    "$packet": [
                      [Function],
                    ],
                  },
                  "_polling": true,
                  "clearTimeoutFn": [Function],
                  "opts": {
                    "addTrailingSlash": true,
                    "agent": false,
                    "closeOnBeforeunload": false,
                    "hostname": "localhost",
                    "path": "/socket.io/",
                    "perMessageDeflate": {
                      "threshold": 1024,
                    },
                    "port": "80",
                    "query": {
                      "EIO": 4,
                      "t": "hzncmz0q",
                      "transport": "polling",
                    },
                    "rejectUnauthorized": true,
                    "rememberUpgrade": false,
                    "secure": false,
                    "socket": [Circular],
                    "timestampParam": "t",
                    "transportOptions": {},
                    "transports": [
                      [Function],
                      [Function],
                      [Function],
                    ],
                    "upgrade": true,
                    "withCredentials": false,
                  },
                  "pollXhr": Request {
                    "_callbacks": {
                      "$data": [
                        [Function],
                      ],
                      "$error": [
                        [Function],
                      ],
                    },
                    "_data": null,
                    "_index": 0,
                    "_method": "GET",
                    "_opts": {
                      "addTrailingSlash": true,
                      "agent": false,
                      "closeOnBeforeunload": false,
                      "cookieJar": undefined,
                      "hostname": "localhost",
                      "path": "/socket.io/",
                      "perMessageDeflate": {
                        "threshold": 1024,
                      },
                      "port": "80",
                      "query": {
                        "EIO": 4,
                        "t": "hzncmz0q",
                        "transport": "polling",
                      },
                      "rejectUnauthorized": true,
                      "rememberUpgrade": false,
                      "secure": false,
                      "socket": [Circular],
                      "timestampParam": "t",
                      "transportOptions": {},
                      "transports": [
                        [Function],
                        [Function],
                        [Function],
                      ],
                      "upgrade": true,
                      "withCredentials": false,
                      "xd": false,
                    },
                    "_uri": "http://localhost/socket.io/?EIO=4&transport=polling&t=hzncmz0q",
                    "_xhr": XMLHttpRequest {
                      "DONE": 4,
                      "HEADERS_RECEIVED": 2,
                      "LOADING": 3,
                      "OPENED": 1,
                      "UNSENT": 0,
                      "abort": [Function],
                      "addEventListener": [Function],
                      "dispatchEvent": [Function],
                      "getAllResponseHeaders": [Function],
                      "getRequestHeader": [Function],
                      "getResponseHeader": [Function],
                      "handleError": [Function],
                      "onreadystatechange": [Function],
                      "open": [Function],
                      "readyState": 1,
                      "removeEventListener": [Function],
                      "response": {
                        "data": [],
                        "type": "Buffer",
                      },
                      "responseText": "",
                      "responseXML": "",
                      "send": [Function],
                      "setDisableHeaderCheck": [Function],
                      "setRequestHeader": [Function],
                      "status": null,
                      "statusText": null,
                    },
                    "clearTimeoutFn": [Function],
                    "createRequest": [Function],
                    "setTimeoutFn": [Function],
                  },
                  "query": {
                    "EIO": 4,
                    "t": "hzncmz0q",
                    "transport": "polling",
                  },
                  "readyState": "opening",
                  "setTimeoutFn": [Function],
                  "socket": [Circular],
                  "supportsBinary": true,
                  "writable": false,
                  "xd": false,
                },
                "transports": [
                  "polling",
                  "websocket",
                  "webtransport",
                ],
                "writeBuffer": [],
              },
              "nsps": {
                "/": [Circular],
              },
              "opts": {
                "hostname": "localhost",
                "path": "/socket.io",
                "port": "80",
                "secure": false,
                "transports": [
                  [Function],
                  [Function],
                  [Function],
                ],
              },
              "setTimeoutFn": [Function],
              "skipReconnect": false,
              "subs": [
                [Function],
                [Function],
                [Function],
              ],
              "uri": "http://localhost",
            },
            "nsp": "/",
            "receiveBuffer": [],
            "recovered": false,
            "sendBuffer": [],
            "subs": [
              [Function],
              [Function],
              [Function],
              [Function],
            ],
          }
        }
        gameInstance={
          {
            "_id": "123456",
            "currentPlayer": "Player1",
            "gameOver": false,
            "isActive": false,
            "player1": "Player1",
            "player2": "Player2",
            "scoreBoard": [
              [
                0,
                0,
                0,
                0,
                0,
                0,
                0,
                0,
              ],
              [
                0,
                0,
                0,
                0,
                0,
                0,
                0,
                0,
              ],
              [
                0,
                0,
                0,
                0,
                0,
                0,
                0,
                0,
              ],
              [
                0,
                0,
                0,
                0,
                0,
                0,
                0,
                0,
              ],
              [
                0,
                0,
                0,
                0,
                0,
                0,
                0,
                0,
              ],
              [
                0,
                0,
                0,
                0,
                0,
                0,
                0,
                0,
              ],
              [
                0,
                0,
                0,
                0,
                0,
                0,
                0,
                0,
              ],
              [
                0,
                0,
                0,
                0,
                0,
                0,
                0,
                0,
              ],
            ],
          }
        }
        handleSyncAllGames={[Function]}
        user={
          {
            "email": "Player1Email",
            "username": "Player1",
          }
        }
      />
    </div>
    <div>
      <div
        className="interactive-row"
      >
        <InteractiveTile
          enabled={false}
          handleClick={[Function]}
          index={0}
          key="interactivetile-0"
        />
        <InteractiveTile
          enabled={false}
          handleClick={[Function]}
          index={1}
          key="interactivetile-1"
        />
        <InteractiveTile
          enabled={false}
          handleClick={[Function]}
          index={2}
          key="interactivetile-2"
        />
        <InteractiveTile
          enabled={false}
          handleClick={[Function]}
          index={3}
          key="interactivetile-3"
        />
        <InteractiveTile
          enabled={false}
          handleClick={[Function]}
          index={4}
          key="interactivetile-4"
        />
        <InteractiveTile
          enabled={false}
          handleClick={[Function]}
          index={5}
          key="interactivetile-5"
        />
        <InteractiveTile
          enabled={false}
          handleClick={[Function]}
          index={6}
          key="interactivetile-6"
        />
        <InteractiveTile
          enabled={false}
          handleClick={[Function]}
          index={7}
          key="interactivetile-7"
        />
      </div>
    </div>
    <div>
      <div
        className="game-board-grid"
      >
        <div
          className="game-row"
          key="game-row-0"
        >
          <GameBoardTile
            data-x={0}
            data-y={0}
            key="game-cell-0-0"
            value=""
          />
          <GameBoardTile
            data-x={0}
            data-y={1}
            key="game-cell-0-1"
            value=""
          />
          <GameBoardTile
            data-x={0}
            data-y={2}
            key="game-cell-0-2"
            value=""
          />
          <GameBoardTile
            data-x={0}
            data-y={3}
            key="game-cell-0-3"
            value=""
          />
          <GameBoardTile
            data-x={0}
            data-y={4}
            key="game-cell-0-4"
            value=""
          />
          <GameBoardTile
            data-x={0}
            data-y={5}
            key="game-cell-0-5"
            value=""
          />
          <GameBoardTile
            data-x={0}
            data-y={6}
            key="game-cell-0-6"
            value=""
          />
          <GameBoardTile
            data-x={0}
            data-y={7}
            key="game-cell-0-7"
            value=""
          />
        </div>
        <div
          className="game-row"
          key="game-row-1"
        >
          <GameBoardTile
            data-x={1}
            data-y={0}
            key="game-cell-1-0"
            value=""
          />
          <GameBoardTile
            data-x={1}
            data-y={1}
            key="game-cell-1-1"
            value=""
          />
          <GameBoardTile
            data-x={1}
            data-y={2}
            key="game-cell-1-2"
            value=""
          />
          <GameBoardTile
            data-x={1}
            data-y={3}
            key="game-cell-1-3"
            value=""
          />
          <GameBoardTile
            data-x={1}
            data-y={4}
            key="game-cell-1-4"
            value=""
          />
          <GameBoardTile
            data-x={1}
            data-y={5}
            key="game-cell-1-5"
            value=""
          />
          <GameBoardTile
            data-x={1}
            data-y={6}
            key="game-cell-1-6"
            value=""
          />
          <GameBoardTile
            data-x={1}
            data-y={7}
            key="game-cell-1-7"
            value=""
          />
        </div>
        <div
          className="game-row"
          key="game-row-2"
        >
          <GameBoardTile
            data-x={2}
            data-y={0}
            key="game-cell-2-0"
            value=""
          />
          <GameBoardTile
            data-x={2}
            data-y={1}
            key="game-cell-2-1"
            value=""
          />
          <GameBoardTile
            data-x={2}
            data-y={2}
            key="game-cell-2-2"
            value=""
          />
          <GameBoardTile
            data-x={2}
            data-y={3}
            key="game-cell-2-3"
            value=""
          />
          <GameBoardTile
            data-x={2}
            data-y={4}
            key="game-cell-2-4"
            value=""
          />
          <GameBoardTile
            data-x={2}
            data-y={5}
            key="game-cell-2-5"
            value=""
          />
          <GameBoardTile
            data-x={2}
            data-y={6}
            key="game-cell-2-6"
            value=""
          />
          <GameBoardTile
            data-x={2}
            data-y={7}
            key="game-cell-2-7"
            value=""
          />
        </div>
        <div
          className="game-row"
          key="game-row-3"
        >
          <GameBoardTile
            data-x={3}
            data-y={0}
            key="game-cell-3-0"
            value=""
          />
          <GameBoardTile
            data-x={3}
            data-y={1}
            key="game-cell-3-1"
            value=""
          />
          <GameBoardTile
            data-x={3}
            data-y={2}
            key="game-cell-3-2"
            value=""
          />
          <GameBoardTile
            data-x={3}
            data-y={3}
            key="game-cell-3-3"
            value=""
          />
          <GameBoardTile
            data-x={3}
            data-y={4}
            key="game-cell-3-4"
            value=""
          />
          <GameBoardTile
            data-x={3}
            data-y={5}
            key="game-cell-3-5"
            value=""
          />
          <GameBoardTile
            data-x={3}
            data-y={6}
            key="game-cell-3-6"
            value=""
          />
          <GameBoardTile
            data-x={3}
            data-y={7}
            key="game-cell-3-7"
            value=""
          />
        </div>
        <div
          className="game-row"
          key="game-row-4"
        >
          <GameBoardTile
            data-x={4}
            data-y={0}
            key="game-cell-4-0"
            value=""
          />
          <GameBoardTile
            data-x={4}
            data-y={1}
            key="game-cell-4-1"
            value=""
          />
          <GameBoardTile
            data-x={4}
            data-y={2}
            key="game-cell-4-2"
            value=""
          />
          <GameBoardTile
            data-x={4}
            data-y={3}
            key="game-cell-4-3"
            value=""
          />
          <GameBoardTile
            data-x={4}
            data-y={4}
            key="game-cell-4-4"
            value=""
          />
          <GameBoardTile
            data-x={4}
            data-y={5}
            key="game-cell-4-5"
            value=""
          />
          <GameBoardTile
            data-x={4}
            data-y={6}
            key="game-cell-4-6"
            value=""
          />
          <GameBoardTile
            data-x={4}
            data-y={7}
            key="game-cell-4-7"
            value=""
          />
        </div>
        <div
          className="game-row"
          key="game-row-5"
        >
          <GameBoardTile
            data-x={5}
            data-y={0}
            key="game-cell-5-0"
            value=""
          />
          <GameBoardTile
            data-x={5}
            data-y={1}
            key="game-cell-5-1"
            value=""
          />
          <GameBoardTile
            data-x={5}
            data-y={2}
            key="game-cell-5-2"
            value=""
          />
          <GameBoardTile
            data-x={5}
            data-y={3}
            key="game-cell-5-3"
            value=""
          />
          <GameBoardTile
            data-x={5}
            data-y={4}
            key="game-cell-5-4"
            value=""
          />
          <GameBoardTile
            data-x={5}
            data-y={5}
            key="game-cell-5-5"
            value=""
          />
          <GameBoardTile
            data-x={5}
            data-y={6}
            key="game-cell-5-6"
            value=""
          />
          <GameBoardTile
            data-x={5}
            data-y={7}
            key="game-cell-5-7"
            value=""
          />
        </div>
        <div
          className="game-row"
          key="game-row-6"
        >
          <GameBoardTile
            data-x={6}
            data-y={0}
            key="game-cell-6-0"
            value=""
          />
          <GameBoardTile
            data-x={6}
            data-y={1}
            key="game-cell-6-1"
            value=""
          />
          <GameBoardTile
            data-x={6}
            data-y={2}
            key="game-cell-6-2"
            value=""
          />
          <GameBoardTile
            data-x={6}
            data-y={3}
            key="game-cell-6-3"
            value=""
          />
          <GameBoardTile
            data-x={6}
            data-y={4}
            key="game-cell-6-4"
            value=""
          />
          <GameBoardTile
            data-x={6}
            data-y={5}
            key="game-cell-6-5"
            value=""
          />
          <GameBoardTile
            data-x={6}
            data-y={6}
            key="game-cell-6-6"
            value=""
          />
          <GameBoardTile
            data-x={6}
            data-y={7}
            key="game-cell-6-7"
            value=""
          />
        </div>
        <div
          className="game-row"
          key="game-row-7"
        >
          <GameBoardTile
            data-x={7}
            data-y={0}
            key="game-cell-7-0"
            value=""
          />
          <GameBoardTile
            data-x={7}
            data-y={1}
            key="game-cell-7-1"
            value=""
          />
          <GameBoardTile
            data-x={7}
            data-y={2}
            key="game-cell-7-2"
            value=""
          />
          <GameBoardTile
            data-x={7}
            data-y={3}
            key="game-cell-7-3"
            value=""
          />
          <GameBoardTile
            data-x={7}
            data-y={4}
            key="game-cell-7-4"
            value=""
          />
          <GameBoardTile
            data-x={7}
            data-y={5}
            key="game-cell-7-5"
            value=""
          />
          <GameBoardTile
            data-x={7}
            data-y={6}
            key="game-cell-7-6"
            value=""
          />
          <GameBoardTile
            data-x={7}
            data-y={7}
            key="game-cell-7-7"
            value=""
          />
        </div>
      </div>
    </div>
  </div>
</div>
`;
